../Core/Src/main.c:100:5:main	8	static
../Core/Src/main.c:192:6:SystemClock_Config	72	static
../Core/Src/main.c:229:13:MX_GPIO_Init	40	static
../Core/Src/main.c:275:6:StartDefaultTask	16	static
../Core/Src/main.c:293:6:GreenLed	16	static
../Core/Src/main.c:326:6:RedLed	16	static
../Core/Src/main.c:352:6:AccessSharedData	8	static
../Core/Src/main.c:371:6:SimulateReadWriteOperation	16	static,ignoring_inline_asm
../Core/Src/main.c:388:6:OrangeLed	16	static
../Core/Src/main.c:408:6:HAL_TIM_PeriodElapsedCallback	16	static
../Core/Src/main.c:425:6:Error_Handler	4	static,ignoring_inline_asm
